sample,cell,probability,ratio,keep,processed_ratio
A,1A,0.873,1.54,True,1540.0
A,2A,0.679,2.12,True,2120.0
A,3A,0.746,13.74,True,0.01374
A,5A,0.732,1.38,True,1380.0
